Archive member included because of file (symbol)

c:/program files (x86)/arduino/hardware/tools/avr/bin/../lib/gcc/avr/4.3.2/avr5\libgcc.a(_exit.o)
                              c:/program files (x86)/arduino/hardware/tools/avr/bin/../lib/gcc/avr/4.3.2/../../../../avr/lib/avr5/crtm168.o (exit)
c:/program files (x86)/arduino/hardware/tools/avr/bin/../lib/gcc/avr/4.3.2/avr5\libgcc.a(_copy_data.o)
                              .\obj\1.cpp.o (__do_copy_data)
c:/program files (x86)/arduino/hardware/tools/avr/bin/../lib/gcc/avr/4.3.2/avr5\libgcc.a(_clear_bss.o)
                              .\obj\1.cpp.o (__do_clear_bss)

Memory Configuration

Name             Origin             Length             Attributes
text             0x00000000         0x00020000         xr
data             0x00800060         0x0000ffa0         rw !x
eeprom           0x00810000         0x00010000         rw !x
fuse             0x00820000         0x00000400         rw !x
lock             0x00830000         0x00000400         rw !x
signature        0x00840000         0x00000400         rw !x
*default*        0x00000000         0xffffffff

Linker script and memory map

Address of section .data set to 0x800100
LOAD c:/program files (x86)/arduino/hardware/tools/avr/bin/../lib/gcc/avr/4.3.2/../../../../avr/lib/avr5/crtm168.o
LOAD .\obj\1.cpp.o
LOAD .\obj\arduino_runtime_atmega168_withlibs.a
LOAD c:/program files (x86)/arduino/hardware/tools/avr/bin/../lib/gcc/avr/4.3.2/avr5\libgcc.a
LOAD c:/program files (x86)/arduino/hardware/tools/avr/bin/../lib/gcc/avr/4.3.2/../../../../avr/lib/avr5\libc.a
LOAD c:/program files (x86)/arduino/hardware/tools/avr/bin/../lib/gcc/avr/4.3.2/avr5\libgcc.a

.hash
 *(.hash)

.dynsym
 *(.dynsym)

.dynstr
 *(.dynstr)

.gnu.version
 *(.gnu.version)

.gnu.version_d
 *(.gnu.version_d)

.gnu.version_r
 *(.gnu.version_r)

.rel.init
 *(.rel.init)

.rela.init
 *(.rela.init)

.rel.text
 *(.rel.text)
 *(.rel.text.*)
 *(.rel.gnu.linkonce.t*)

.rela.text
 *(.rela.text)
 *(.rela.text.*)
 *(.rela.gnu.linkonce.t*)

.rel.fini
 *(.rel.fini)

.rela.fini
 *(.rela.fini)

.rel.rodata
 *(.rel.rodata)
 *(.rel.rodata.*)
 *(.rel.gnu.linkonce.r*)

.rela.rodata
 *(.rela.rodata)
 *(.rela.rodata.*)
 *(.rela.gnu.linkonce.r*)

.rel.data
 *(.rel.data)
 *(.rel.data.*)
 *(.rel.gnu.linkonce.d*)

.rela.data
 *(.rela.data)
 *(.rela.data.*)
 *(.rela.gnu.linkonce.d*)

.rel.ctors
 *(.rel.ctors)

.rela.ctors
 *(.rela.ctors)

.rel.dtors
 *(.rel.dtors)

.rela.dtors
 *(.rela.dtors)

.rel.got
 *(.rel.got)

.rela.got
 *(.rela.got)

.rel.bss
 *(.rel.bss)

.rela.bss
 *(.rela.bss)

.rel.plt
 *(.rel.plt)

.rela.plt
 *(.rela.plt)

.text           0x00000000       0xf2
 *(.vectors)
 .vectors       0x00000000       0x68 c:/program files (x86)/arduino/hardware/tools/avr/bin/../lib/gcc/avr/4.3.2/../../../../avr/lib/avr5/crtm168.o
                0x00000000                __vectors
                0x00000000                __vector_default
 *(.vectors)
 *(.progmem.gcc*)
 *(.progmem*)
                0x00000068                . = ALIGN (0x2)
                0x00000068                __trampolines_start = .
 *(.trampolines)
 .trampolines   0x00000068        0x0 linker stubs
 *(.trampolines*)
                0x00000068                __trampolines_end = .
 *(.jumptables)
 *(.jumptables*)
 *(.lowtext)
 *(.lowtext*)
                0x00000068                __ctors_start = .
 *(.ctors)
                0x00000068                __ctors_end = .
                0x00000068                __dtors_start = .
 *(.dtors)
                0x00000068                __dtors_end = .
 SORT(*)(.ctors)
 SORT(*)(.dtors)
 *(.init0)
 .init0         0x00000068        0x0 c:/program files (x86)/arduino/hardware/tools/avr/bin/../lib/gcc/avr/4.3.2/../../../../avr/lib/avr5/crtm168.o
                0x00000068                __init
 *(.init0)
 *(.init1)
 *(.init1)
 *(.init2)
 .init2         0x00000068        0xc c:/program files (x86)/arduino/hardware/tools/avr/bin/../lib/gcc/avr/4.3.2/../../../../avr/lib/avr5/crtm168.o
 *(.init2)
 *(.init3)
 *(.init3)
 *(.init4)
 .init4         0x00000074       0x16 c:/program files (x86)/arduino/hardware/tools/avr/bin/../lib/gcc/avr/4.3.2/avr5\libgcc.a(_copy_data.o)
                0x00000074                __do_copy_data
 .init4         0x0000008a       0x10 c:/program files (x86)/arduino/hardware/tools/avr/bin/../lib/gcc/avr/4.3.2/avr5\libgcc.a(_clear_bss.o)
                0x0000008a                __do_clear_bss
 *(.init4)
 *(.init5)
 *(.init5)
 *(.init6)
 *(.init6)
 *(.init7)
 *(.init7)
 *(.init8)
 *(.init8)
 *(.init9)
 .init9         0x0000009a        0x8 c:/program files (x86)/arduino/hardware/tools/avr/bin/../lib/gcc/avr/4.3.2/../../../../avr/lib/avr5/crtm168.o
 *(.init9)
 *(.text)
 .text          0x000000a2        0x4 c:/program files (x86)/arduino/hardware/tools/avr/bin/../lib/gcc/avr/4.3.2/../../../../avr/lib/avr5/crtm168.o
                0x000000a2                __vector_22
                0x000000a2                __vector_1
                0x000000a2                __vector_24
                0x000000a2                __vector_12
                0x000000a2                __bad_interrupt
                0x000000a2                __vector_6
                0x000000a2                __vector_3
                0x000000a2                __vector_23
                0x000000a2                __vector_25
                0x000000a2                __vector_11
                0x000000a2                __vector_13
                0x000000a2                __vector_17
                0x000000a2                __vector_19
                0x000000a2                __vector_7
                0x000000a2                __vector_5
                0x000000a2                __vector_4
                0x000000a2                __vector_9
                0x000000a2                __vector_2
                0x000000a2                __vector_21
                0x000000a2                __vector_15
                0x000000a2                __vector_8
                0x000000a2                __vector_14
                0x000000a2                __vector_10
                0x000000a2                __vector_16
                0x000000a2                __vector_18
                0x000000a2                __vector_20
 .text          0x000000a6       0x48 .\obj\1.cpp.o
                0x000000a6                loop
                0x000000e8                setup
 .text          0x000000ee        0x0 c:/program files (x86)/arduino/hardware/tools/avr/bin/../lib/gcc/avr/4.3.2/avr5\libgcc.a(_exit.o)
 .text          0x000000ee        0x0 c:/program files (x86)/arduino/hardware/tools/avr/bin/../lib/gcc/avr/4.3.2/avr5\libgcc.a(_copy_data.o)
 .text          0x000000ee        0x0 c:/program files (x86)/arduino/hardware/tools/avr/bin/../lib/gcc/avr/4.3.2/avr5\libgcc.a(_clear_bss.o)
                0x000000ee                . = ALIGN (0x2)
 *(.text.*)
 .text.libgcc   0x000000ee        0x0 c:/program files (x86)/arduino/hardware/tools/avr/bin/../lib/gcc/avr/4.3.2/avr5\libgcc.a(_exit.o)
 .text.libgcc   0x000000ee        0x0 c:/program files (x86)/arduino/hardware/tools/avr/bin/../lib/gcc/avr/4.3.2/avr5\libgcc.a(_copy_data.o)
 .text.libgcc   0x000000ee        0x0 c:/program files (x86)/arduino/hardware/tools/avr/bin/../lib/gcc/avr/4.3.2/avr5\libgcc.a(_clear_bss.o)
                0x000000ee                . = ALIGN (0x2)
 *(.fini9)
 .fini9         0x000000ee        0x0 c:/program files (x86)/arduino/hardware/tools/avr/bin/../lib/gcc/avr/4.3.2/avr5\libgcc.a(_exit.o)
                0x000000ee                exit
                0x000000ee                _exit
 *(.fini9)
 *(.fini8)
 *(.fini8)
 *(.fini7)
 *(.fini7)
 *(.fini6)
 *(.fini6)
 *(.fini5)
 *(.fini5)
 *(.fini4)
 *(.fini4)
 *(.fini3)
 *(.fini3)
 *(.fini2)
 *(.fini2)
 *(.fini1)
 *(.fini1)
 *(.fini0)
 .fini0         0x000000ee        0x4 c:/program files (x86)/arduino/hardware/tools/avr/bin/../lib/gcc/avr/4.3.2/avr5\libgcc.a(_exit.o)
 *(.fini0)
                0x000000f2                _etext = .

.data           0x00800100        0x0 load address 0x000000f2
                0x00800100                PROVIDE (__data_start, .)
 *(.data)
 .data          0x00800100        0x0 c:/program files (x86)/arduino/hardware/tools/avr/bin/../lib/gcc/avr/4.3.2/../../../../avr/lib/avr5/crtm168.o
 .data          0x00800100        0x0 .\obj\1.cpp.o
 .data          0x00800100        0x0 c:/program files (x86)/arduino/hardware/tools/avr/bin/../lib/gcc/avr/4.3.2/avr5\libgcc.a(_exit.o)
 .data          0x00800100        0x0 c:/program files (x86)/arduino/hardware/tools/avr/bin/../lib/gcc/avr/4.3.2/avr5\libgcc.a(_copy_data.o)
 .data          0x00800100        0x0 c:/program files (x86)/arduino/hardware/tools/avr/bin/../lib/gcc/avr/4.3.2/avr5\libgcc.a(_clear_bss.o)
 *(.data*)
 *(.rodata)
 *(.rodata*)
 *(.gnu.linkonce.d*)
                0x00800100                . = ALIGN (0x2)
                0x00800100                _edata = .
                0x00800100                PROVIDE (__data_end, .)

.bss            0x00800100        0x8
                0x00800100                PROVIDE (__bss_start, .)
 *(.bss)
 .bss           0x00800100        0x0 c:/program files (x86)/arduino/hardware/tools/avr/bin/../lib/gcc/avr/4.3.2/../../../../avr/lib/avr5/crtm168.o
 .bss           0x00800100        0x8 .\obj\1.cpp.o
                0x00800100                timer0
                0x00800104                timer1
 .bss           0x00800108        0x0 c:/program files (x86)/arduino/hardware/tools/avr/bin/../lib/gcc/avr/4.3.2/avr5\libgcc.a(_exit.o)
 .bss           0x00800108        0x0 c:/program files (x86)/arduino/hardware/tools/avr/bin/../lib/gcc/avr/4.3.2/avr5\libgcc.a(_copy_data.o)
 .bss           0x00800108        0x0 c:/program files (x86)/arduino/hardware/tools/avr/bin/../lib/gcc/avr/4.3.2/avr5\libgcc.a(_clear_bss.o)
 *(.bss*)
 *(COMMON)
                0x00800108                PROVIDE (__bss_end, .)
                0x000000f2                __data_load_start = LOADADDR (.data)
                0x000000f2                __data_load_end = (__data_load_start + SIZEOF (.data))

.noinit         0x00800108        0x0
                0x00800108                PROVIDE (__noinit_start, .)
 *(.noinit*)
                0x00800108                PROVIDE (__noinit_end, .)
                0x00800108                _end = .
                0x00800108                PROVIDE (__heap_start, .)

.eeprom         0x00810000        0x0
 *(.eeprom*)
                0x00810000                __eeprom_end = .

.fuse
 *(.fuse)
 *(.lfuse)
 *(.hfuse)
 *(.efuse)

.lock
 *(.lock*)

.signature
 *(.signature*)

.stab
 *(.stab)

.stabstr
 *(.stabstr)

.stab.excl
 *(.stab.excl)

.stab.exclstr
 *(.stab.exclstr)

.stab.index
 *(.stab.index)

.stab.indexstr
 *(.stab.indexstr)

.comment
 *(.comment)

.debug
 *(.debug)

.line
 *(.line)

.debug_srcinfo
 *(.debug_srcinfo)

.debug_sfnames
 *(.debug_sfnames)

.debug_aranges  0x00000000       0x20
 *(.debug_aranges)
 .debug_aranges
                0x00000000       0x20 .\obj\1.cpp.o

.debug_pubnames
                0x00000000       0x3b
 *(.debug_pubnames)
 .debug_pubnames
                0x00000000       0x3b .\obj\1.cpp.o

.debug_info     0x00000000      0x237
 *(.debug_info)
 .debug_info    0x00000000      0x237 .\obj\1.cpp.o
 *(.gnu.linkonce.wi.*)

.debug_abbrev   0x00000000       0x87
 *(.debug_abbrev)
 .debug_abbrev  0x00000000       0x87 .\obj\1.cpp.o

.debug_line     0x00000000      0x198
 *(.debug_line)
 .debug_line    0x00000000      0x198 .\obj\1.cpp.o

.debug_frame    0x00000000       0x30
 *(.debug_frame)
 .debug_frame   0x00000000       0x30 .\obj\1.cpp.o

.debug_str      0x00000000       0xfd
 *(.debug_str)
 .debug_str     0x00000000       0xfd .\obj\1.cpp.o
                                0x136 (size before relaxing)

.debug_loc
 *(.debug_loc)

.debug_macinfo
 *(.debug_macinfo)
OUTPUT(.\obj\1.elf elf32-avr)
LOAD linker stubs

Cross Reference Table

Symbol                                            File
__bad_interrupt                                   c:/program files (x86)/arduino/hardware/tools/avr/bin/../lib/gcc/avr/4.3.2/../../../../avr/lib/avr5/crtm168.o
__bss_end                                         c:/program files (x86)/arduino/hardware/tools/avr/bin/../lib/gcc/avr/4.3.2/avr5\libgcc.a(_clear_bss.o)
__bss_start                                       c:/program files (x86)/arduino/hardware/tools/avr/bin/../lib/gcc/avr/4.3.2/avr5\libgcc.a(_clear_bss.o)
__data_end                                        c:/program files (x86)/arduino/hardware/tools/avr/bin/../lib/gcc/avr/4.3.2/avr5\libgcc.a(_copy_data.o)
__data_load_start                                 c:/program files (x86)/arduino/hardware/tools/avr/bin/../lib/gcc/avr/4.3.2/avr5\libgcc.a(_copy_data.o)
__data_start                                      c:/program files (x86)/arduino/hardware/tools/avr/bin/../lib/gcc/avr/4.3.2/avr5\libgcc.a(_copy_data.o)
__do_clear_bss                                    c:/program files (x86)/arduino/hardware/tools/avr/bin/../lib/gcc/avr/4.3.2/avr5\libgcc.a(_clear_bss.o)
                                                  .\obj\1.cpp.o
__do_copy_data                                    c:/program files (x86)/arduino/hardware/tools/avr/bin/../lib/gcc/avr/4.3.2/avr5\libgcc.a(_copy_data.o)
                                                  .\obj\1.cpp.o
__heap_end                                        c:/program files (x86)/arduino/hardware/tools/avr/bin/../lib/gcc/avr/4.3.2/../../../../avr/lib/avr5/crtm168.o
__init                                            c:/program files (x86)/arduino/hardware/tools/avr/bin/../lib/gcc/avr/4.3.2/../../../../avr/lib/avr5/crtm168.o
__stack                                           c:/program files (x86)/arduino/hardware/tools/avr/bin/../lib/gcc/avr/4.3.2/../../../../avr/lib/avr5/crtm168.o
__vector_1                                        c:/program files (x86)/arduino/hardware/tools/avr/bin/../lib/gcc/avr/4.3.2/../../../../avr/lib/avr5/crtm168.o
__vector_10                                       c:/program files (x86)/arduino/hardware/tools/avr/bin/../lib/gcc/avr/4.3.2/../../../../avr/lib/avr5/crtm168.o
__vector_11                                       c:/program files (x86)/arduino/hardware/tools/avr/bin/../lib/gcc/avr/4.3.2/../../../../avr/lib/avr5/crtm168.o
__vector_12                                       c:/program files (x86)/arduino/hardware/tools/avr/bin/../lib/gcc/avr/4.3.2/../../../../avr/lib/avr5/crtm168.o
__vector_13                                       c:/program files (x86)/arduino/hardware/tools/avr/bin/../lib/gcc/avr/4.3.2/../../../../avr/lib/avr5/crtm168.o
__vector_14                                       c:/program files (x86)/arduino/hardware/tools/avr/bin/../lib/gcc/avr/4.3.2/../../../../avr/lib/avr5/crtm168.o
__vector_15                                       c:/program files (x86)/arduino/hardware/tools/avr/bin/../lib/gcc/avr/4.3.2/../../../../avr/lib/avr5/crtm168.o
__vector_16                                       c:/program files (x86)/arduino/hardware/tools/avr/bin/../lib/gcc/avr/4.3.2/../../../../avr/lib/avr5/crtm168.o
__vector_17                                       c:/program files (x86)/arduino/hardware/tools/avr/bin/../lib/gcc/avr/4.3.2/../../../../avr/lib/avr5/crtm168.o
__vector_18                                       c:/program files (x86)/arduino/hardware/tools/avr/bin/../lib/gcc/avr/4.3.2/../../../../avr/lib/avr5/crtm168.o
__vector_19                                       c:/program files (x86)/arduino/hardware/tools/avr/bin/../lib/gcc/avr/4.3.2/../../../../avr/lib/avr5/crtm168.o
__vector_2                                        c:/program files (x86)/arduino/hardware/tools/avr/bin/../lib/gcc/avr/4.3.2/../../../../avr/lib/avr5/crtm168.o
__vector_20                                       c:/program files (x86)/arduino/hardware/tools/avr/bin/../lib/gcc/avr/4.3.2/../../../../avr/lib/avr5/crtm168.o
__vector_21                                       c:/program files (x86)/arduino/hardware/tools/avr/bin/../lib/gcc/avr/4.3.2/../../../../avr/lib/avr5/crtm168.o
__vector_22                                       c:/program files (x86)/arduino/hardware/tools/avr/bin/../lib/gcc/avr/4.3.2/../../../../avr/lib/avr5/crtm168.o
__vector_23                                       c:/program files (x86)/arduino/hardware/tools/avr/bin/../lib/gcc/avr/4.3.2/../../../../avr/lib/avr5/crtm168.o
__vector_24                                       c:/program files (x86)/arduino/hardware/tools/avr/bin/../lib/gcc/avr/4.3.2/../../../../avr/lib/avr5/crtm168.o
__vector_25                                       c:/program files (x86)/arduino/hardware/tools/avr/bin/../lib/gcc/avr/4.3.2/../../../../avr/lib/avr5/crtm168.o
__vector_3                                        c:/program files (x86)/arduino/hardware/tools/avr/bin/../lib/gcc/avr/4.3.2/../../../../avr/lib/avr5/crtm168.o
__vector_4                                        c:/program files (x86)/arduino/hardware/tools/avr/bin/../lib/gcc/avr/4.3.2/../../../../avr/lib/avr5/crtm168.o
__vector_5                                        c:/program files (x86)/arduino/hardware/tools/avr/bin/../lib/gcc/avr/4.3.2/../../../../avr/lib/avr5/crtm168.o
__vector_6                                        c:/program files (x86)/arduino/hardware/tools/avr/bin/../lib/gcc/avr/4.3.2/../../../../avr/lib/avr5/crtm168.o
__vector_7                                        c:/program files (x86)/arduino/hardware/tools/avr/bin/../lib/gcc/avr/4.3.2/../../../../avr/lib/avr5/crtm168.o
__vector_8                                        c:/program files (x86)/arduino/hardware/tools/avr/bin/../lib/gcc/avr/4.3.2/../../../../avr/lib/avr5/crtm168.o
__vector_9                                        c:/program files (x86)/arduino/hardware/tools/avr/bin/../lib/gcc/avr/4.3.2/../../../../avr/lib/avr5/crtm168.o
__vector_default                                  c:/program files (x86)/arduino/hardware/tools/avr/bin/../lib/gcc/avr/4.3.2/../../../../avr/lib/avr5/crtm168.o
__vectors                                         c:/program files (x86)/arduino/hardware/tools/avr/bin/../lib/gcc/avr/4.3.2/../../../../avr/lib/avr5/crtm168.o
_exit                                             c:/program files (x86)/arduino/hardware/tools/avr/bin/../lib/gcc/avr/4.3.2/avr5\libgcc.a(_exit.o)
exit                                              c:/program files (x86)/arduino/hardware/tools/avr/bin/../lib/gcc/avr/4.3.2/avr5\libgcc.a(_exit.o)
                                                  c:/program files (x86)/arduino/hardware/tools/avr/bin/../lib/gcc/avr/4.3.2/../../../../avr/lib/avr5/crtm168.o
in(int)                                           .\obj\1.cpp.o
loop                                              .\obj\1.cpp.o
main                                              c:/program files (x86)/arduino/hardware/tools/avr/bin/../lib/gcc/avr/4.3.2/../../../../avr/lib/avr5/crtm168.o
out(int)                                          .\obj\1.cpp.o
setup                                             .\obj\1.cpp.o
setupPLC()                                        .\obj\1.cpp.o
timer0                                            .\obj\1.cpp.o
timer1                                            .\obj\1.cpp.o
timerOff(unsigned long&, unsigned long)           .\obj\1.cpp.o
timerOn(unsigned long&, unsigned long)            .\obj\1.cpp.o
